components/ProcessamentoFolha.tsx(133,17): error TS2740: Type '{ id: string; month: number; year: number; status: "OPEN"; startDate: string; endDate: string; totalEmployees: number; totalPayroll: number; totalINSS: number; totalFGTS: number; totalIRRF: number; unitId: string; createdBy: string; }' is missing the following properties from type 'PayrollPeriod': mes, ano, situacao, dataInicio, and 8 more.
components/ProcessamentoFolha.tsx(571,13): error TS2740: Type '{ id: string; month: number; year: number; status: "OPEN"; startDate: string; endDate: string; totalEmployees: number; totalPayroll: number; totalINSS: number; totalFGTS: number; totalIRRF: number; unitId: string; createdBy: string; }' is missing the following properties from type 'PayrollPeriod': mes, ano, situacao, dataInicio, and 8 more.
components/ProcessamentoFolha.tsx(838,9): error TS2739: Type '{ id: string; unitId: string; name: string; salary: number; workHours: number; dependents: Dependent[]; regime: "CLT"; cpf: string; pis: string; matricula: string; admissionDate: string; cargo: string; departamento: string; active: true; }' is missing the following properties from type 'Employee': unidadeId, nome, dataAdmissao, salarioBase, cargaHorariaSemanal
services/treasuryService.ts(153,7): error TS2322: Type '{ id: any; unitId: any; nome: any; tipo: "CONTA_CORRENTE" | "CONTA_POUPANCA" | "CONTA_INVESTIMENTO" | "CARTEIRA_DIGITAL"; banco: any; agencia: any; numero: any; digito: any; saldo: any; saldoBloqueado: number; ... 12 more ...; updatedAt: any; }[]' is not assignable to type 'TreasuryAccount[]'.
  Type '{ id: any; unitId: any; nome: any; tipo: "CONTA_CORRENTE" | "CONTA_POUPANCA" | "CONTA_INVESTIMENTO" | "CARTEIRA_DIGITAL"; banco: any; agencia: any; numero: any; digito: any; saldo: any; saldoBloqueado: number; ... 12 more ...; updatedAt: any; }' is not assignable to type 'TreasuryAccount'.
    Types of property 'alertas' are incompatible.
      Property 'movimentacaoSuspeita' is missing in type '{ saldoMinimo: any; saldoMaximo: number; }' but required in type '{ saldoMinimo: number; saldoMaximo: number; movimentacaoSuspeita: boolean; }'.
